 200 ┼───────────────────────────────────────
 194 ┤
 188 ┤
 181 ┤                                    ╭──
 175 ┤                            ╭───────╯
 169 ┤                    ╭───────╯
 162 ┤            ╭───────╯
 156 ┤    ╭───────╯
 150 ┼────╯
      Forecast monthly cost (USD) — Jan 2026 – Jul 2026

           ■ Forecast   ■ AWS   ■ Budget

  Legend: Forecast  AWS  Budget
