 Resource      Type              Status        Actual        Projected     Delta         Drift%    Recs       Warn    
──────────────────────────────────────────────────────────────────────────────────────────────────────────────────────
 ▾ cluster     aws:eks/cluster…  ✓ active      -             $73.00        -             -         -          -       
   ↳ api       kubernetes:apps…  ✓ active      -             $54.75        -             -         -          -       
   ↳ worker    kubernetes:apps…  ✓ active      -             $27.38        -             -         -          -       
                                                                                                                      
                                                                                                                      
                                                                                                                      
                                                                                                                      
                                                                                                                      
                                                                                                                      
                                                                                                                      
Sort: Cost | Press 's' to cycle, '/' to filter, 'q' to quit                                                           